// Jest Snapshot v1, https://goo.gl/fbAQLP

exports[`<ProductCard /> should be render product card 1`] = `
.c0 {
  position: relative;
  display: -webkit-box;
  display: -webkit-flex;
  display: -ms-flexbox;
  display: flex;
  -webkit-flex-direction: column;
  -ms-flex-direction: column;
  flex-direction: column;
  -webkit-align-items: center;
  -webkit-box-align: center;
  -ms-flex-align: center;
  align-items: center;
  width: 282px;
  height: auto;
  background: #FAFAFA;
  border: 1px solid #EAEAEA;
  border-radius: 8px;
  cursor: pointer;
}

.c0 > svg {
  margin-top: 16px;
  margin-right: 16px;
  width: 24px;
  height: 24px;
  right: 0;
  position: absolute;
  z-index: 10;
}

.c1 {
  position: relative;
  display: -webkit-box;
  display: -webkit-flex;
  display: -ms-flexbox;
  display: flex;
  width: 100%;
  height: 306px;
  background: #e6e8ec;
  border-radius: 8px 8px 0px 0px;
}

.c1 img {
  border-radius: 8px 8px 0px 0px;
  object-fit: cover;
  object-position: 100% 90%;
}

.c2 {
  display: -webkit-box;
  display: -webkit-flex;
  display: -ms-flexbox;
  display: flex;
  -webkit-flex-direction: column;
  -ms-flex-direction: column;
  flex-direction: column;
  width: 100%;
  height: 176px;
  padding: 16px;
}

.c3 {
  display: -webkit-box;
  display: -webkit-flex;
  display: -ms-flexbox;
  display: flex;
  -webkit-align-items: center;
  -webkit-box-align: center;
  -ms-flex-align: center;
  align-items: center;
  -webkit-box-pack: start;
  -webkit-justify-content: flex-start;
  -ms-flex-pack: start;
  justify-content: flex-start;
  width: 100%;
  font-family: "Inter";
  font-style: normal;
  font-weight: 300;
  font-size: 12px;
  line-height: 15px;
  display: -webkit-box;
  display: -webkit-flex;
  display: -ms-flexbox;
  display: flex;
  -webkit-align-items: center;
  -webkit-box-align: center;
  -ms-flex-align: center;
  align-items: center;
  color: #828282;
}

.c4 {
  font-family: "Inter";
  font-style: normal;
  font-weight: 500;
  font-size: 16px;
  line-height: 140%;
  display: -webkit-box;
  display: -webkit-flex;
  display: -ms-flexbox;
  display: flex;
  -webkit-align-items: center;
  -webkit-box-align: center;
  -ms-flex-align: center;
  align-items: center;
  color: #212121;
  margin-top: 8px;
}

.c5 {
  width: 100%;
  display: -webkit-box;
  display: -webkit-flex;
  display: -ms-flexbox;
  display: flex;
  -webkit-box-pack: justify;
  -webkit-justify-content: space-between;
  -ms-flex-pack: justify;
  justify-content: space-between;
  margin: 16px 0px;
  height: 23px;
}

.c6 {
  display: -webkit-box;
  display: -webkit-flex;
  display: -ms-flexbox;
  display: flex;
}

.c6 s {
  font-family: "Inter";
  font-style: normal;
  font-weight: 300;
  font-size: 12px;
  line-height: 19px;
  color: #828282;
}

.c6 strong {
  font-family: "Inter";
  font-style: normal;
  font-weight: 600;
  font-size: 18px;
  line-height: 19px;
  color: #212121;
}

.c7 {
  width: 100%;
  display: -webkit-box;
  display: -webkit-flex;
  display: -ms-flexbox;
  display: flex;
  -webkit-align-items: center;
  -webkit-box-align: center;
  -ms-flex-align: center;
  align-items: center;
  -webkit-box-pack: justify;
  -webkit-justify-content: space-between;
  -ms-flex-pack: justify;
  justify-content: space-between;
}

.c7 p {
  font-family: "Inter";
  font-style: normal;
  font-weight: 400;
  font-size: 12px;
  line-height: 15px;
  display: -webkit-box;
  display: -webkit-flex;
  display: -ms-flexbox;
  display: flex;
  -webkit-align-items: center;
  -webkit-box-align: center;
  -ms-flex-align: center;
  align-items: center;
  color: #828282;
}

.c8 {
  border-radius: 8px;
}

.c8.MuiLinearProgress-colorPrimary {
  background-color: #FAFAFA;
  height: 10px;
}

.c8 .MuiLinearProgress-bar {
  border-radius: 5px;
  background: linear-gradient(90deg,#FF512F 0%,#F09819 100%);
}

<div
  class="c0"
>
  <svg
    enable-background="new 0 0 48 48"
    fill="currentColor"
    height="1em"
    stroke="currentColor"
    stroke-width="0"
    version="1"
    viewBox="0 0 48 48"
    width="1em"
    xmlns="http://www.w3.org/2000/svg"
  >
    <path
      d="M34,9c-4.2,0-7.9,2.1-10,5.4C21.9,11.1,18.2,9,14,9C7.4,9,2,14.4,2,21c0,11.9,22,24,22,24s22-12,22-24 C46,14.4,40.6,9,34,9z"
      fill="#FFCDD2"
    />
  </svg>
  <div
    class="c1"
  >
    <img
      alt="Garrafa Térmica VIP"
      data-nimg="fill"
      decoding="async"
      loading="lazy"
      src=""
      style="position: absolute; height: 100%; width: 100%; left: 0px; top: 0px; right: 0px; bottom: 0px; color: transparent;"
    />
  </div>
  <div
    class="c2"
  >
    <p
      class="c3"
    >
      Fitness
    </p>
    <p
      class="c4"
    >
      Garrafa Térmica VIP
    </p>
    <div
      class="c5"
    >
      <span
        class="c6"
      >
        <strong>
          R$ 235,00
        </strong>
      </span>
    </div>
    <div
      class="c7"
    >
      <div
        class="MuiBox-root css-11img8u"
      >
        <span
          aria-valuemax="100"
          aria-valuemin="0"
          aria-valuenow="80"
          class="MuiLinearProgress-root MuiLinearProgress-colorPrimary MuiLinearProgress-determinate c8 css-eglki6-MuiLinearProgress-root"
          role="progressbar"
        >
          <span
            class="MuiLinearProgress-bar MuiLinearProgress-barColorPrimary MuiLinearProgress-bar1Determinate css-5xe99f-MuiLinearProgress-bar1"
            style="transform: translateX(-20%);"
          />
        </span>
      </div>
      <p
        class="MuiTypography-root MuiTypography-body1 css-ahj2mt-MuiTypography-root"
        style="text-align: center;"
      >
        80/100 vendidos
      </p>
    </div>
  </div>
</div>
`;
